Warning: You are sending unauthenticated requests to the HF Hub. Please set a HF_TOKEN to enable higher rate limits and faster downloads.
Loading weights:   0%|          | 0/398 [00:00<?, ?it/s]Loading weights:   0%|          | 1/398 [00:02<19:34,  2.96s/it]Loading weights:  31%|███▏      | 125/398 [00:03<00:04, 57.09it/s]Loading weights:  48%|████▊     | 190/398 [00:04<00:03, 57.35it/s]Loading weights:  57%|█████▋    | 228/398 [00:04<00:02, 58.04it/s]Loading weights:  64%|██████▍   | 254/398 [00:05<00:02, 58.92it/s]Loading weights:  69%|██████▊   | 273/398 [00:05<00:02, 57.37it/s]Loading weights:  72%|███████▏  | 287/398 [00:05<00:01, 57.37it/s]Loading weights:  75%|███████▌  | 299/398 [00:06<00:01, 56.43it/s]Loading weights:  78%|███████▊  | 309/398 [00:06<00:01, 54.91it/s]Loading weights:  80%|███████▉  | 317/398 [00:06<00:01, 52.77it/s]Loading weights:  81%|████████▏ | 324/398 [00:06<00:01, 48.58it/s]Loading weights:  84%|████████▎ | 333/398 [00:07<00:01, 41.39it/s]Loading weights:  86%|████████▋ | 344/398 [00:07<00:01, 38.69it/s]Loading weights:  89%|████████▉ | 355/398 [00:07<00:01, 35.23it/s]Loading weights:  92%|█████████▏| 366/398 [00:08<00:00, 34.70it/s]Loading weights:  95%|█████████▍| 377/398 [00:08<00:00, 34.56it/s]Loading weights:  97%|█████████▋| 388/398 [00:08<00:00, 33.72it/s]Loading weights: 100%|██████████| 398/398 [00:08<00:00, 45.50it/s]
[load] lens n=45, band=[14, 20, 26]
[1/6] q1_no_a — generating...
The following generation flags are not valid and may be ignored: ['temperature', 'top_p', 'top_k']. Set `TRANSFORMERS_VERBOSITY=info` for more details.
       answer='(no box)' ok=False; reading workspace...
       saved q1_no_a (1976 positions)
[2/6] q2_math_solved — generating...
       answer='9' ok=True; reading workspace...
       saved q2_math_solved (2012 positions)
[3/6] q3_gsm_rescuable — generating...
       answer='(no box)' ok=False; reading workspace...
       saved q3_gsm_rescuable (1971 positions)
[4/6] q4_math_wall — generating...
       answer='(no box)' ok=False; reading workspace...
       saved q4_math_wall (2007 positions)
[5/6] q5_gsm_solved — generating...
       answer='10' ok=True; reading workspace...
       saved q5_gsm_solved (508 positions)
[6/6] q6_gsm_failed — generating...
       answer='(no box)' ok=False; reading workspace...
       saved q6_gsm_failed (1959 positions)
[done] 35.0 min -> results/workspace/6q/
  q1_no_a            correct=False ans='(no box)'
  q2_math_solved     correct=True ans='9'
  q3_gsm_rescuable   correct=False ans='(no box)'
  q4_math_wall       correct=False ans='(no box)'
  q5_gsm_solved      correct=True ans='10'
  q6_gsm_failed      correct=False ans='(no box)'
