=== chunked mmlu_pro start 2026-08-28_11:06:20 ===
[chunk] base pass 1 -> 2400 records, swap 1865MB 11:47:54
[chunk] base pass 2 -> 2900 records, swap 1963MB 12:57:14
[chunk] base pass 3 -> 3000 records, swap 1812MB 13:08:16
[done] mmlu_pro/base 13:08:16
=== chunked mmlu_pro start 2026-08-28_18:54:12 ===
[done] mmlu_pro/base 18:54:12
[chunk] instruct pass 1 -> 900 records, swap 1636MB 19:54:32
=== chunked mmlu_pro start 2026-08-28_20:11:20 ===
[done] mmlu_pro/base 20:11:20
[chunk] instruct pass 1 -> 1400 records, swap 1599MB 20:57:10
[chunk] instruct pass 2 -> 1900 records, swap 2292MB 22:10:46
[chunk] instruct pass 3 -> 2400 records, swap 2117MB 23:09:24
[chunk] instruct pass 4 -> 2900 records, swap 2083MB 00:22:03
[chunk] instruct pass 5 -> 3000 records, swap 2080MB 00:32:49
[done] mmlu_pro/instruct 00:32:49
=== analysis 00:32:49 ===

==============================================================================
mmlu_cf   arm=raw   n=1500 items
------------------------------------------------------------------------------
                     BASE   INSTRUCT      delta
acc                0.6340     0.6300    -0.0040
conf               0.6890     0.6544    -0.0345
gap                0.0550     0.0244    -0.0305
auroc              0.7534     0.7701    +0.0166
brier              0.1933     0.1858    -0.0076
reliability        0.0044     0.0015    -0.0029
resolution         0.0423     0.0481    +0.0058
uncertainty        0.2320     0.2331    +0.0011
ece                0.0620     0.0345    -0.0275
mass_median        0.9975     0.9919    -0.0056
mass_lt_010        0.0000     0.0000    +0.0000

bootstrap 95%% CI on INSTRUCT - BASE (paired items, 2000 draws):
  AUROC         +0.0166  [-0.0032, +0.0364]
  resolution    +0.0058  [-0.0023, +0.0141]
  reliability   -0.0029  [-0.0060, +0.0003]
  ECE           -0.0275  [-0.0419, -0.0005]  *
  accuracy      -0.0040  [-0.0173, +0.0093]
  mean conf     -0.0345  [-0.0384, -0.0306]  *

==============================================================================
mmlu_pro   arm=raw   n=1500 items
------------------------------------------------------------------------------
                     BASE   INSTRUCT      delta
acc                0.4813     0.4787    -0.0027
conf               0.4428     0.4484    +0.0056
gap               -0.0385    -0.0303    +0.0082
auroc              0.7736     0.7850    +0.0114
brier              0.1897     0.1858    -0.0039
reliability        0.0022     0.0016    -0.0005
resolution         0.0624     0.0636    +0.0012
uncertainty        0.2497     0.2495    -0.0001
ece                0.0385     0.0326    -0.0060
mass_median        0.9955     0.9362    -0.0593
mass_lt_010        0.0000     0.0000    +0.0000

bootstrap 95%% CI on INSTRUCT - BASE (paired items, 2000 draws):
  AUROC         +0.0114  [-0.0114, +0.0335]
  resolution    +0.0012  [-0.0069, +0.0103]
  reliability   -0.0005  [-0.0036, +0.0018]
  ECE           -0.0060  [-0.0263, +0.0140]
  accuracy      -0.0027  [-0.0220, +0.0153]
  mean conf     +0.0056  [+0.0004, +0.0106]  *

* = 95%% CI excludes zero. Effect sizes are reported alongside every interval,
  never an interval or a z alone (the F-AT lesson).
=== all cells complete ===
