round 1 done (19:07:58)
round 2 done (19:40:59)
round 3 done (20:14:01)
round 4 done (20:47:23)
round 5 done (21:20:25)
round 6 done (21:53:26)
round 7 done (22:26:28)
DECISIVE COMPLETE in 8 round(s)
=== DECISIVE TEST — held-out DV (8 classes x 12 facets), primary control absurd_low, 20 seeds ===
  a=0.05  floor -0.00±0.22 | v1 spec +0.11 z+0.5 | v2 spec +0.29 z+1.3 | v3 spec -0.12 z-0.5
  a=0.1   floor -0.02±0.43 | v1 spec +0.20 z+0.5 | v2 spec +0.75 z+1.8 | v3 spec -0.15 z-0.3
  a=0.2   floor -0.14±0.73 | v1 spec -0.07 z+0.1 | v2 spec +2.24 z+3.3 | v3 spec +0.14 z+0.4
  a=0.3   floor -0.47±0.85 | v1 spec -1.61 z-1.3 | v2 spec +2.52 z+3.5 | v3 spec +0.43 z+1.0
  a=0.4   floor -1.08±0.88 | v1 spec -1.84 z-0.9 | v2 spec +1.89 z+3.4 | v3 spec +0.41 z+1.7

  C1 claimed cell replicates (spec>0, z>=2) ....... PASS   (spec +2.24, z +3.3)
  C2 no sign reversal across alpha ................ PASS   (signs [1, 1, 1, 1, 1])
  C3 all three constructions agree in sign ........ FAIL   (signs [-1, 1, 1])
  C4 holds on held-out items ...................... PASS

  FAILED — steering arm is a confirmed null

  [secondary, mundane_low — contaminated control, not load-bearing]
    a=0.05  v2 spec +0.18
    a=0.1   v2 spec +0.48
    a=0.2   v2 spec +1.77
    a=0.3   v2 spec +3.02
    a=0.4   v2 spec +2.37

[done] 19.3 min -> results/workspace/mindedness_decisive_Qwen3-4B-decisive.json
