Warning: You are sending unauthenticated requests to the HF Hub. Please set a HF_TOKEN to enable higher rate limits and faster downloads.
Loading weights:   0%|          | 0/398 [00:00<?, ?it/s]Loading weights:   0%|          | 1/398 [00:02<14:30,  2.19s/it]Loading weights:  31%|███       | 124/398 [00:02<00:03, 73.12it/s]Loading weights:  43%|████▎     | 171/398 [00:02<00:03, 74.89it/s]Loading weights:  50%|█████     | 200/398 [00:03<00:02, 78.39it/s]Loading weights:  56%|█████▌    | 222/398 [00:03<00:02, 85.24it/s]Loading weights:  67%|██████▋   | 267/398 [00:03<00:01, 109.01it/s]Loading weights:  72%|███████▏  | 286/398 [00:04<00:01, 56.95it/s] Loading weights:  75%|███████▌  | 300/398 [00:05<00:01, 49.71it/s]Loading weights:  78%|███████▊  | 311/398 [00:05<00:01, 49.05it/s]Loading weights:  81%|████████  | 322/398 [00:05<00:01, 50.16it/s]Loading weights:  84%|████████▎ | 333/398 [00:05<00:01, 53.23it/s]Loading weights:  86%|████████▋ | 344/398 [00:05<00:00, 57.15it/s]Loading weights:  89%|████████▉ | 355/398 [00:06<00:00, 57.29it/s]Loading weights:  92%|█████████▏| 366/398 [00:06<00:00, 59.07it/s]Loading weights:  95%|█████████▍| 377/398 [00:06<00:00, 59.60it/s]Loading weights:  97%|█████████▋| 388/398 [00:06<00:00, 60.34it/s]Loading weights: 100%|██████████| 398/398 [00:06<00:00, 60.09it/s]
[load] lens n=45, layers=[14, 20, 26], vocab=151936
[trace] 1096 tokens (72 prompt + 1024 reasoning)
[layer 14] decomposing 1024 positions...
    layer step 1/25
    layer step 6/25
    layer step 11/25
    layer step 16/25
    layer step 21/25
[layer 20] decomposing 1024 positions...
    layer step 1/25
    layer step 6/25
    layer step 11/25
    layer step 16/25
    layer step 21/25
[layer 26] decomposing 1024 positions...
    layer step 1/25
    layer step 6/25
    layer step 11/25
    layer step 16/25
    layer step 21/25
[done] 1.6 min. neg-concept hits: 7
  -> results/workspace/decompose_none.json + .txt
