Loading weights:   0%|          | 0/179 [00:00<?, ?it/s]Loading weights:   1%|          | 1/179 [00:00<02:06,  1.41it/s]Loading weights:  40%|███▉      | 71/179 [00:00<00:00, 117.93it/s]Loading weights:  63%|██████▎   | 112/179 [00:01<00:00, 130.75it/s]Loading weights: 100%|██████████| 179/179 [00:01<00:00, 159.71it/s]
[load] models/OLMo-2-0425-1B-Instruct L=16 steer-layer=4 format=C1
[vec] v1_negation              cos(raw, polarity) = -0.018
[vec] v2_no_negation           cos(raw, polarity) = +0.057
[vec] v3_third_person          cos(raw, polarity) = +0.031
[vec] 9 conditions
[resume] found 9 completed cells
[base] done 0.1m

=== H-bias: does the MENTAL group move more than the HEADROOM-MATCHED controls? ===
    (all in log-odds; mundane_low is the matched control, absurd_low the bias detector)

  --- v1_negation ---
  alpha class            mental  mundane   absurd  phys_mid phys_high   mental−mundane
   +1.6 self_ai           -0.97    -0.77     0.61     -0.55     -0.42      -0.20
   +1.6 ai_other          -0.59    -0.20    -0.10     -0.59     -0.30      -0.40
   +1.6 robot             -0.46    -0.41     0.58     -0.43     -1.26      -0.05
   +1.6 human_adult       -2.02    -2.06     0.39     -1.05     -2.22      +0.03
   +1.6 human_prof_a      -1.22    -1.43     0.37     -0.52     -1.05      +0.21
   +1.6 human_prof_b      -1.49    -0.84     0.14     -0.56     -1.05      -0.65
   +1.6 human_dev         -0.07     0.86     1.11      0.12     -0.81      -0.92
   +1.6 human_edge        -0.77    -0.30     0.58     -0.42     -0.96      -0.47
   +1.6 animal_mammal     -1.34     0.66     0.87     -0.26     -1.44      -2.01
   +1.6 animal_other      -0.87     0.34     1.03      0.25     -1.04      -1.21
   +1.6 animal_simple     -0.23     0.79     0.94      0.27     -0.97      -1.02
   +1.6 plant              0.28     0.76     0.62      0.11     -1.12      -0.48
   +1.6 nature             0.44     0.49     0.68      0.44     -0.90      -0.05
   +1.6 object_nat         0.12     0.39    -0.13     -0.44     -1.43      -0.27
   +1.6 object_art         0.81     0.83     0.57     -0.08     -1.17      -0.02
   +1.6 object_comp        0.57     0.65     0.40     -0.38     -1.14      -0.08
   +1.6 supernatural      -1.56    -0.22    -0.34     -0.67     -1.16      -1.33
   +1.6 fictional         -2.15    -1.37    -0.42     -1.38     -1.95      -0.78
   +1.6 collective        -1.11    -1.55     0.29     -0.74     -1.47      +0.43


  --- v2_no_negation ---
  alpha class            mental  mundane   absurd  phys_mid phys_high   mental−mundane
   +1.6 self_ai           -1.08    -1.41     0.21     -0.90     -0.90      +0.32
   +1.6 ai_other          -1.06    -1.15    -0.85     -1.33     -1.13      +0.09
   +1.6 robot             -1.36    -1.49    -0.44     -1.47     -2.48      +0.13
   +1.6 human_adult       -3.05    -3.22    -0.75     -2.17     -3.37      +0.18
   +1.6 human_prof_a      -2.19    -2.70    -0.75     -1.65     -2.11      +0.51
   +1.6 human_prof_b      -2.40    -2.02    -0.92     -1.56     -2.16      -0.39
   +1.6 human_dev         -1.13    -0.34    -0.03     -0.88     -2.03      -0.79
   +1.6 human_edge        -1.77    -1.46    -0.35     -1.32     -2.06      -0.31
   +1.6 animal_mammal     -2.30    -0.35    -0.24     -1.29     -2.61      -1.95
   +1.6 animal_other      -1.83    -0.74    -0.16     -0.83     -2.26      -1.09
   +1.6 animal_simple     -1.24    -0.41    -0.29     -0.91     -2.30      -0.83
   +1.6 plant             -0.87    -0.55    -0.67     -1.18     -2.56      -0.32
   +1.6 nature            -0.80    -0.98    -0.75     -1.02     -2.40      +0.19
   +1.6 object_nat        -0.78    -0.73    -1.23     -1.53     -2.66      -0.05
   +1.6 object_art        -0.29    -0.43    -0.59     -1.24     -2.58      +0.14
   +1.6 object_comp       -0.27    -0.54    -0.52     -1.39     -2.23      +0.28
   +1.6 supernatural      -2.36    -1.28    -1.32     -1.61     -2.21      -1.08
   +1.6 fictional         -3.18    -2.62    -1.54     -2.52     -3.17      -0.56
   +1.6 collective        -1.79    -2.48    -0.63     -1.67     -2.23      +0.70


  --- v3_third_person ---
  alpha class            mental  mundane   absurd  phys_mid phys_high   mental−mundane
   +1.6 self_ai            2.40     1.49     3.80      3.10      2.22      +0.90
   +1.6 ai_other           2.58     2.33     3.26      2.91      2.28      +0.25
   +1.6 robot              1.87     1.98     3.26      2.28      0.70      -0.12
   +1.6 human_adult        0.05    -0.35     2.55      1.37     -0.26      +0.41
   +1.6 human_prof_a       1.08     0.22     2.88      2.18      0.83      +0.86
   +1.6 human_prof_b       1.02     1.36     2.69      2.33      1.06      -0.35
   +1.6 human_dev          2.44     3.32     4.30      3.47      1.59      -0.88
   +1.6 human_edge         1.37     1.73     3.32      2.79      1.12      -0.36
   +1.6 animal_mammal      0.81     2.77     3.29      2.60      0.49      -1.95
   +1.6 animal_other       1.30     2.34     3.60      3.19      0.88      -1.04
   +1.6 animal_simple      1.98     2.76     3.47      3.14      0.91      -0.78
   +1.6 plant              2.77     3.05     3.55      3.29      1.18      -0.27
   +1.6 nature             3.01     2.93     3.62      3.64      1.57      +0.08
   +1.6 object_nat         2.29     2.30     2.48      2.40      0.60      -0.01
   +1.6 object_art         3.31     3.03     3.45      3.10      0.95      +0.28
   +1.6 object_comp        3.44     2.89     3.52      3.01      1.19      +0.55
   +1.6 supernatural       1.10     2.04     2.15      2.02      1.15      -0.94
   +1.6 fictional         -0.12     0.91     2.27      1.42      0.03      -1.03
   +1.6 collective         1.36     0.62     2.99      2.15      0.74      +0.74


  --- v1_RAW_unorthogonalised ---
  alpha class            mental  mundane   absurd  phys_mid phys_high   mental−mundane
   +1.6 self_ai           -0.97    -0.77     0.59     -0.57     -0.42      -0.20
   +1.6 ai_other          -0.62    -0.22    -0.13     -0.63     -0.32      -0.40
   +1.6 robot             -0.49    -0.45     0.54     -0.48     -1.29      -0.04
   +1.6 human_adult       -2.05    -2.07     0.35     -1.08     -2.24      +0.03
   +1.6 human_prof_a      -1.27    -1.48     0.31     -0.59     -1.10      +0.22
   +1.6 human_prof_b      -1.54    -0.89     0.09     -0.62     -1.10      -0.65
   +1.6 human_dev         -0.09     0.84     1.08      0.09     -0.83      -0.93
   +1.6 human_edge        -0.80    -0.33     0.54     -0.46     -1.00      -0.47
   +1.6 animal_mammal     -1.39     0.63     0.81     -0.32     -1.49      -2.02
   +1.6 animal_other      -0.91     0.31     0.96      0.18     -1.08      -1.22
   +1.6 animal_simple     -0.27     0.75     0.88      0.20     -1.02      -1.02
   +1.6 plant              0.26     0.73     0.58      0.05     -1.14      -0.47
   +1.6 nature             0.40     0.46     0.63      0.39     -0.93      -0.05
   +1.6 object_nat         0.10     0.36    -0.16     -0.49     -1.45      -0.27
   +1.6 object_art         0.76     0.78     0.52     -0.14     -1.22      -0.02
   +1.6 object_comp        0.53     0.60     0.34     -0.44     -1.18      -0.07
   +1.6 supernatural      -1.60    -0.26    -0.40     -0.72     -1.20      -1.35
   +1.6 fictional         -2.20    -1.43    -0.48     -1.45     -2.00      -0.77
   +1.6 collective        -1.17    -1.60     0.23     -0.81     -1.53      +0.44


=== RANDOM FLOOR (mean over 5 seeds), mental group, log-odds ===
  alpha=+1.6  self_ai=+1.01  ai_other=+0.97  robot=+0.69  human_adu=-0.95  human_pro=-0.06  human_pro=-0.30  human_dev=+0.71  human_edg=-0.03

=== VERDICT TABLE: mental−mundane (log-odds), averaged over non-human classes ===
  v1_negation                a+1.6=-0.53
  v1_RAW_unorthogonalised    a+1.6=-0.53
  v2_no_negation             a+1.6=-0.29
  v3_third_person            a+1.6=-0.24
  random0                    a+1.6=-0.18
  random1                    a+1.6=-0.60
  random2                    a+1.6=+0.13
  random3                    a+1.6=-0.04
  random4                    a+1.6=-0.05

[done] 0.1 min -> results/workspace/mindedness_v2_steer_OLMo2-1B-Instruct_L4_a1.6.json
