Loading weights:   0%|          | 0/1951 [00:00<?, ?it/s]Loading weights:   9%|▉         | 184/1951 [00:00<00:00, 1839.59it/s]Loading weights:  19%|█▉        | 368/1951 [00:00<00:00, 1727.65it/s]Loading weights:  28%|██▊       | 542/1951 [00:00<00:00, 1661.09it/s]Loading weights:  36%|███▋      | 709/1951 [00:00<00:00, 1633.37it/s]Loading weights:  45%|████▍     | 873/1951 [00:15<00:35, 30.35it/s]  Loading weights: 100%|██████████| 1951/1951 [00:15<00:00, 123.10it/s]
[load] models/gemma-4-E2B-it L=35 steer-layer=24 format=C2
[vec] v1_negation              cos(raw, polarity) = +0.019
[vec] v2_no_negation           cos(raw, polarity) = -0.001
[vec] v3_third_person          cos(raw, polarity) = +0.041
[vec] 9 conditions
[resume] found 9 completed cells
[base] done 0.9m

=== H-bias: does the MENTAL group move more than the HEADROOM-MATCHED controls? ===
    (all in log-odds; mundane_low is the matched control, absurd_low the bias detector)

  --- v1_negation ---
  alpha class            mental  mundane   absurd  phys_mid phys_high   mental−mundane
   +3.2 self_ai           -3.93    -3.02    -0.08     -6.21     -2.41      -0.91
   +3.2 ai_other          -3.72    -6.80    -0.00     -5.76     -6.13      +3.08
   +3.2 robot             -4.18    -7.51     0.00     -6.39    -14.10      +3.33
   +3.2 human_adult       -9.90    -6.63     0.00     -5.91    -14.05      -3.27
   +3.2 human_prof_a      -7.97    -6.15    -0.59     -6.36     -6.00      -1.82
   +3.2 human_prof_b      -8.41    -6.86    -0.73     -6.60     -6.36      -1.55
   +3.2 human_dev         -6.08    -1.74    -0.85     -7.43    -16.29      -4.34
   +3.2 human_edge        -5.01    -3.12    -0.27     -6.33     -9.99      -1.89
   +3.2 animal_mammal     -7.96    -2.22    -0.85     -5.98    -14.94      -5.73
   +3.2 animal_other      -6.19    -1.34    -1.19     -2.19    -15.06      -4.86
   +3.2 animal_simple     -4.52    -1.05    -0.97     -5.79    -14.17      -3.47
   +3.2 plant             -3.33    -0.61    -1.01     -6.61    -15.20      -2.72
   +3.2 nature            -3.62    -0.24    -1.17     -4.86    -15.15      -3.38
   +3.2 object_nat        -1.88    -0.64    -1.16     -6.05    -14.53      -1.24
   +3.2 object_art        -1.85    -0.05    -0.67     -5.56    -14.41      -1.80
   +3.2 object_comp       -3.33    -7.18    -0.39     -4.90    -13.99      +3.86
   +3.2 supernatural      -6.65    -2.74    -6.78     -5.90     -1.40      -3.91
   +3.2 fictional         -6.78    -3.77    -0.14     -5.65     -6.44      -3.02
   +3.2 collective        -7.02    -8.30    -1.15     -5.60     -9.03      +1.28


  --- v2_no_negation ---
  alpha class            mental  mundane   absurd  phys_mid phys_high   mental−mundane
   +3.2 self_ai           -1.76    -2.17     0.51     -3.32     -0.36      +0.41
   +3.2 ai_other          -1.22    -2.29     0.78     -1.49     -1.70      +1.07
   +3.2 robot             -1.79    -3.78     0.39     -3.08     -9.77      +1.99
   +3.2 human_adult       -6.18    -3.24     1.65     -2.68     -9.20      -2.94
   +3.2 human_prof_a      -4.04    -2.63     0.88     -2.53     -1.85      -1.42
   +3.2 human_prof_b      -4.38    -3.25     0.84     -1.80     -1.48      -1.13
   +3.2 human_dev         -1.05     1.16     1.11     -2.60     -9.29      -2.21
   +3.2 human_edge        -0.38     1.99     1.60     -2.14     -4.47      -2.36
   +3.2 animal_mammal     -3.46    -0.75     1.15     -1.20     -9.40      -2.71
   +3.2 animal_other      -2.03    -0.25     0.25      0.19     -9.21      -1.78
   +3.2 animal_simple     -0.99    -0.04     0.47     -0.67     -8.03      -0.95
   +3.2 plant             -0.56     0.94     1.24     -1.74     -8.80      -1.50
   +3.2 nature            -0.95     1.37     1.04     -1.06     -9.13      -2.32
   +3.2 object_nat        -0.74     0.89     0.69     -1.31     -8.99      -1.63
   +3.2 object_art        -0.20     1.52     1.13     -1.05     -8.99      -1.72
   +3.2 object_comp       -0.59    -2.74     1.17     -0.81     -9.51      +2.15
   +3.2 supernatural      -3.18    -1.63    -2.59     -2.22      0.81      -1.55
   +3.2 fictional         -2.64    -1.49     0.82     -2.35     -3.02      -1.16
   +3.2 collective        -2.26    -3.33     0.95     -2.02     -2.94      +1.07


  --- v3_third_person ---
  alpha class            mental  mundane   absurd  phys_mid phys_high   mental−mundane
   +3.2 self_ai           -2.93    -1.51     1.26     -4.18     -0.47      -1.42
   +3.2 ai_other          -2.36    -3.35     1.13     -3.65     -3.85      +0.99
   +3.2 robot             -2.37    -3.94     1.98     -3.53    -11.79      +1.56
   +3.2 human_adult       -8.78    -3.80     2.22     -3.34    -11.67      -4.98
   +3.2 human_prof_a      -6.65    -3.42     1.16     -3.28     -3.95      -3.23
   +3.2 human_prof_b      -7.18    -3.39     0.94     -3.36     -3.94      -3.79
   +3.2 human_dev         -3.29     1.38     1.15     -3.57    -11.94      -4.67
   +3.2 human_edge        -2.54     1.20     1.43     -3.40     -6.41      -3.74
   +3.2 animal_mammal     -6.30    -0.07     1.26     -3.07    -11.98      -6.24
   +3.2 animal_other      -4.64     0.25     0.53      0.84    -11.97      -4.90
   +3.2 animal_simple     -3.07     0.14     0.47     -2.96    -11.01      -3.21
   +3.2 plant             -2.00     1.08     1.63     -3.25    -11.98      -3.08
   +3.2 nature            -2.47     1.68     1.28     -2.55    -12.11      -4.15
   +3.2 object_nat        -0.68     1.50     1.67     -3.38    -11.82      -2.18
   +3.2 object_art        -0.42     2.19     1.96     -3.05    -11.86      -2.61
   +3.2 object_comp       -1.81    -3.73     1.76     -3.16    -12.34      +1.92
   +3.2 supernatural      -5.01    -1.03    -3.73     -4.18      1.42      -3.98
   +3.2 fictional         -4.63    -0.71     1.66     -3.55     -3.96      -3.92
   +3.2 collective        -5.24    -5.59     0.88     -2.48     -5.65      +0.35


  --- v1_RAW_unorthogonalised ---
  alpha class            mental  mundane   absurd  phys_mid phys_high   mental−mundane
   +3.2 self_ai           -3.38    -3.02    -0.08     -5.09     -2.41      -0.36
   +3.2 ai_other          -3.17    -5.56    -0.00     -4.62     -4.81      +2.39
   +3.2 robot             -3.54    -6.17     0.00     -5.22    -12.86      +2.64
   +3.2 human_adult       -8.70    -5.32     0.00     -4.71    -12.84      -3.39
   +3.2 human_prof_a      -6.74    -4.84    -0.59     -5.07     -4.77      -1.89
   +3.2 human_prof_b      -7.18    -5.57    -0.73     -5.38     -5.09      -1.61
   +3.2 human_dev         -5.13    -1.74    -0.85     -6.21    -15.02      -3.39
   +3.2 human_edge        -3.97    -1.94    -0.27     -5.14     -8.77      -2.03
   +3.2 animal_mammal     -6.84    -2.22    -0.85     -4.69    -13.65      -4.62
   +3.2 animal_other      -5.14    -1.34    -1.19     -2.19    -13.82      -3.80
   +3.2 animal_simple     -3.81    -1.05    -0.97     -4.55    -12.91      -2.76
   +3.2 plant             -2.83    -0.61    -1.01     -5.42    -13.91      -2.22
   +3.2 nature            -3.17    -0.24    -1.17     -3.70    -13.88      -2.94
   +3.2 object_nat        -1.80    -0.64    -1.16     -4.82    -13.25      -1.16
   +3.2 object_art        -1.77    -0.05    -0.67     -4.22    -13.09      -1.72
   +3.2 object_comp       -2.83    -6.18    -0.39     -3.64    -12.70      +3.34
   +3.2 supernatural      -5.55    -2.74    -5.66     -4.71     -1.40      -2.81
   +3.2 fictional         -5.52    -3.77    -0.14     -4.34     -5.14      -1.76
   +3.2 collective        -5.80    -6.99    -1.15     -5.55     -7.77      +1.19


=== RANDOM FLOOR (mean over 5 seeds), mental group, log-odds ===
  alpha=+3.2  self_ai=+2.22  ai_other=+2.76  robot=+2.28  human_adu=-4.27  human_pro=-1.73  human_pro=-2.19  human_dev=+1.00  human_edg=+1.29

=== VERDICT TABLE: mental−mundane (log-odds), averaged over non-human classes ===
  v1_negation                a+3.2=-1.39
  v1_RAW_unorthogonalised    a+3.2=-1.04
  v2_no_negation             a+3.2=-0.62
  v3_third_person            a+3.2=-2.20
  random0                    a+3.2=-2.44
  random1                    a+3.2=-2.23
  random2                    a+3.2=-2.48
  random3                    a+3.2=-2.00
  random4                    a+3.2=-2.15

[done] 0.9 min -> results/workspace/mindedness_v2_steer_Gemma4-E2B-Instruct_L24_a3.2.json
