Warning: You are sending unauthenticated requests to the HF Hub. Please set a HF_TOKEN to enable higher rate limits and faster downloads.
Loading weights:   0%|          | 0/398 [00:00<?, ?it/s]Loading weights:   0%|          | 1/398 [00:02<14:53,  2.25s/it]Loading weights:  31%|███       | 124/398 [00:02<00:03, 72.49it/s]Loading weights:  45%|████▌     | 180/398 [00:03<00:02, 72.84it/s]Loading weights:  54%|█████▍    | 214/398 [00:03<00:02, 72.35it/s]Loading weights:  60%|█████▉    | 238/398 [00:03<00:02, 74.83it/s]Loading weights:  64%|██████▍   | 256/398 [00:05<00:03, 43.65it/s]Loading weights:  68%|██████▊   | 269/398 [00:05<00:02, 46.22it/s]Loading weights:  70%|███████   | 280/398 [00:05<00:02, 47.28it/s]Loading weights:  73%|███████▎  | 289/398 [00:05<00:02, 47.46it/s]Loading weights:  75%|███████▌  | 300/398 [00:05<00:01, 50.03it/s]Loading weights:  78%|███████▊  | 311/398 [00:06<00:01, 52.29it/s]Loading weights:  81%|████████  | 322/398 [00:06<00:01, 55.23it/s]Loading weights:  84%|████████▎ | 333/398 [00:06<00:01, 58.40it/s]Loading weights:  86%|████████▋ | 344/398 [00:06<00:00, 60.52it/s]Loading weights:  89%|████████▉ | 355/398 [00:06<00:00, 58.68it/s]Loading weights:  92%|█████████▏| 366/398 [00:06<00:00, 59.94it/s]Loading weights:  95%|█████████▍| 377/398 [00:07<00:00, 59.49it/s]Loading weights:  97%|█████████▋| 388/398 [00:07<00:00, 53.96it/s]Loading weights: 100%|██████████| 398/398 [00:07<00:00, 54.09it/s]
[09:33:16] generating gsm8k-test-12 (WRINKLE)
The following generation flags are not valid and may be ignored: ['temperature', 'top_p', 'top_k']. Set `TRANSFORMERS_VERBOSITY=info` for more details.
[09:39:09] disk guard hit during generation; stopping generations
[09:39:09] disk guard hit during generation; stopping generations
[09:39:18]   [4/4] CORRECT  gsm8k-80e0f82fe1   gold_rank=271 prod_rank=271
[09:39:18] t3 done: {
 "WRINKLE": {
  "gold": {
   "n": 0,
   "median_best_rank": null,
   "frac_top10": null
  },
  "null_0": {
   "n": 0,
   "median_best_rank": null,
   "frac_top10": null
  }
 },
 "HARD": {
  "gold": {
   "n": 0,
   "median_best_rank": null,
   "frac_top10": null
  },
  "null_0": {
   "n": 0,
   "median_best_rank": null,
   "frac_top10": null
  }
 },
 "CORRECT": {
  "gold": {
   "n": 1,
   "median_best_rank": 271.0,
   "frac_top10": 0.0
  },
  "null_0": {
   "n": 1,
   "median_best_rank": 83.0,
   "frac_top10": 0.0
  }
 }
}
